// Jest Snapshot v1, https://goo.gl/fbAQLP

exports[`<TeaPage /> renders consistently 1`] = `
<DocumentFragment>
  <div
    class="ion-page"
  >
    <ion-header>
      <ion-toolbar>
        <ion-title>
          Tea
        </ion-title>
      </ion-toolbar>
    </ion-header>
    <ion-content
      fullscreen="true"
    >
      <ion-header
        collapse="condense"
      >
        <ion-toolbar>
          <ion-title
            size="large"
          >
            Tea
          </ion-title>
        </ion-toolbar>
      </ion-header>
      <ion-grid
        class="tea-grid"
      >
        <ion-row
          class="ion-justify-content-center ion-align-items-stretch"
        >
          <ion-col
            size="12"
            size-md="6"
            size-xl="3"
          >
            <ion-card>
              <ion-img />
              <ion-card-header>
                <ion-card-title>
                  Green
                </ion-card-title>
              </ion-card-header>
              <ion-card-content>
                Green teas have the oxidation process stopped very early on, leaving them with a very subtle flavor and complex undertones. These teas should be steeped at lower temperatures for shorter periods of time.
              </ion-card-content>
            </ion-card>
          </ion-col>
          <ion-col
            size="12"
            size-md="6"
            size-xl="3"
          >
            <ion-card>
              <ion-img />
              <ion-card-header>
                <ion-card-title>
                  Black
                </ion-card-title>
              </ion-card-header>
              <ion-card-content>
                A fully oxidized tea, black teas have a dark color and a full robust and pronounced flavor. Black teas tend to have a higher caffeine content than other teas.
              </ion-card-content>
            </ion-card>
          </ion-col>
          <ion-col
            size="12"
            size-md="6"
            size-xl="3"
          >
            <ion-card>
              <ion-img />
              <ion-card-header>
                <ion-card-title>
                  Herbal
                </ion-card-title>
              </ion-card-header>
              <ion-card-content>
                Herbal infusions are not actually "tea" but are more accurately characterized as infused beverages consisting of various dried herbs, spices, and fruits.
              </ion-card-content>
            </ion-card>
          </ion-col>
          <ion-col
            size="12"
            size-md="6"
            size-xl="3"
          >
            <ion-card>
              <ion-img />
              <ion-card-header>
                <ion-card-title>
                  Oolong
                </ion-card-title>
              </ion-card-header>
              <ion-card-content>
                Oolong teas are partially oxidized, giving them a flavor that is not as robust as black teas but also not as subtle as green teas. Oolong teas often have a flowery fragrance.
              </ion-card-content>
            </ion-card>
          </ion-col>
        </ion-row>
        <ion-row
          class="ion-justify-content-center ion-align-items-stretch"
        >
          <ion-col
            size="12"
            size-md="6"
            size-xl="3"
          >
            <ion-card>
              <ion-img />
              <ion-card-header>
                <ion-card-title>
                  Dark
                </ion-card-title>
              </ion-card-header>
              <ion-card-content>
                From the Hunan and Sichuan provinces of China, dark teas are flavorful aged probiotic teas that steeps up very smooth with slightly sweet notes.
              </ion-card-content>
            </ion-card>
          </ion-col>
          <ion-col
            size="12"
            size-md="6"
            size-xl="3"
          >
            <ion-card>
              <ion-img />
              <ion-card-header>
                <ion-card-title>
                  Puer
                </ion-card-title>
              </ion-card-header>
              <ion-card-content>
                An aged black tea from china. Puer teas have a strong rich flavor that could be described as "woody" or "peaty."
              </ion-card-content>
            </ion-card>
          </ion-col>
          <ion-col
            size="12"
            size-md="6"
            size-xl="3"
          >
            <ion-card>
              <ion-img />
              <ion-card-header>
                <ion-card-title>
                  White
                </ion-card-title>
              </ion-card-header>
              <ion-card-content>
                White tea is produced using very young shoots with no oxidation process. White tea has an extremely delicate flavor that is sweet and fragrant. White tea should be steeped at lower temperatures for short periods of time.
              </ion-card-content>
            </ion-card>
          </ion-col>
          <ion-col
            size="12"
            size-md="6"
            size-xl="3"
          >
            <ion-card>
              <ion-img />
              <ion-card-header>
                <ion-card-title>
                  Yellow
                </ion-card-title>
              </ion-card-header>
              <ion-card-content>
                A rare tea from China, yellow tea goes through a similar shortened oxidation process like green teas. Yellow teas, however, do not have the grassy flavor that green teas tend to have. The leaves often resemble the shoots of white teas, but are slightly oxidized.
              </ion-card-content>
            </ion-card>
          </ion-col>
        </ion-row>
      </ion-grid>
    </ion-content>
  </div>
</DocumentFragment>
`;
